/Users/ax/Library/Python/3.9/lib/python/site-packages/urllib3/__init__.py:35: NotOpenSSLWarning: urllib3 v2 only supports OpenSSL 1.1.1+, currently the 'ssl' module is compiled with 'LibreSSL 2.8.3'. See: https://github.com/urllib3/urllib3/issues/3020
  warnings.warn(
/Users/ax/world_model/state/tri_domain.py:289: UserWarning: media_push 채움 길이 불일치: 만화 2041 대 5905 --- 축이 빠진다
  warnings.warn("media_push 채움 길이 불일치: %s %d 대 %d --- 축이 빠진다"
/Users/ax/world_model/state/tri_domain.py:289: UserWarning: media_push 채움 길이 불일치: 만화 1789 대 5905 --- 축이 빠진다
  warnings.warn("media_push 채움 길이 불일치: %s %d 대 %d --- 축이 빠진다"
{"유보 가중 합": 3775}
  씨앗 0: 0.47382623452954425  (random_state=0) (421s)
  씨앗 1: 0.46818039205228307  (random_state=1) (891s)
  씨앗 2: 0.46697827392922475  (random_state=2) (1360s)
  씨앗 3: 0.47076196891499794  (random_state=3) (1717s)
  씨앗 4: 0.47235337898574514  (random_state=4) (2049s)
  씨앗 5: 0.47015993378431586  (random_state=5) (2380s)
  씨앗 6: 0.4710955235343229  (random_state=6) (2684s)
  씨앗 7: 0.47009843306562815  (random_state=7) (2745s)
  씨앗 8: 0.4727199789606299  (random_state=8) (2808s)
  씨앗 9: 0.47395324948066686  (random_state=9) (2872s)
  씨앗 10: 0.4700888294190261  (random_state=10) (2935s)
  씨앗 11: 0.4717477458358603  (random_state=11) (2995s)
=== 모아서 ===
{
 "무엇": "837 적합 경로(guards._fit_on(seed=s) → kw['random_state']=s)",
 "씨앗별 판(전정밀)": [
  0.47382623452954425,
  0.46818039205228307,
  0.46697827392922475,
  0.47076196891499794,
  0.47235337898574514,
  0.47015993378431586,
  0.4710955235343229,
  0.47009843306562815,
  0.4727199789606299,
  0.47395324948066686,
  0.4700888294190261,
  0.4717477458358603
 ],
 "평균": 0.4709969952076871,
 "SD(ddof=1)": 0.0021018883506931474,
 "SE": 0.0006067629025396136,
 "837 인쇄값": 0.471,
 "도메인별 ρ(씨앗 평균)": {
  "게임": 0.6548247060737816,
  "도서": 0.388497282241409,
  "만화": 0.3375429521147044,
  "모바일": 0.6261519972842989,
  "세계애니": 0.5799544533086202,
  "시장팝업": 0.1830259298977002,
  "아이돌": 0.4563374435267167,
  "애니": 0.6040431293102645,
  "영화": 0.4849530476384562,
  "웹툰": 0.3607641298670006,
  "팝업": 0.3780893814858806,
  "펀딩": 0.36156268368524386
 },
 "유보 가중 합": 3775,
 "초": 2995.1
}
완료
