/Users/ax/Library/Python/3.9/lib/python/site-packages/urllib3/__init__.py:35: NotOpenSSLWarning: urllib3 v2 only supports OpenSSL 1.1.1+, currently the 'ssl' module is compiled with 'LibreSSL 2.8.3'. See: https://github.com/urllib3/urllib3/issues/3020
  warnings.warn(
/Users/ax/world_model/state/tri_domain.py:289: UserWarning: media_push 채움 길이 불일치: 만화 2041 대 5905 --- 축이 빠진다
  warnings.warn("media_push 채움 길이 불일치: %s %d 대 %d --- 축이 빠진다"
/Users/ax/world_model/state/tri_domain.py:289: UserWarning: media_push 채움 길이 불일치: 만화 1789 대 5905 --- 축이 빠진다
  warnings.warn("media_push 채움 길이 불일치: %s %d 대 %d --- 축이 빠진다"
{"유보 가중 합": 3775, "도메인 수": 12, "도메인별 유보": {"게임": 180, "도서": 163, "만화": 258, "모바일": 441, "세계애니": 300, "시장팝업": 126, "아이돌": 51, "애니": 606, "영화": 406, "웹툰": 650, "팝업": 65, "펀딩": 529}}
  씨앗 0: 0.4724867181663707  (68s)
  씨앗 1: 0.46719171730534703  (180s)
  씨앗 2: 0.4658892816198422  (1333s)
  씨앗 3: 0.46943530676675527  (1972s)
  씨앗 4: 0.47096916768228503  (2189s)
  씨앗 5: 0.46906085665688524  (2571s)
  씨앗 6: 0.46965152992751946  (3042s)
  씨앗 7: 0.4692259372931176  (3510s)
  씨앗 8: 0.4718093381607164  (3878s)
  씨앗 9: 0.4726269837381962  (4210s)
  씨앗 10: 0.4687892099232085  (4542s)
  씨앗 11: 0.47074352893615107  (4870s)
=== 모아서 ===
{
 "누가": "이슈 #112 수리 담당이 직접 실행",
 "배선": "runners/ff753.base()+shell() · F18_bagboost · lab.harness.evaluate · Data.pooled",
 "씨앗": [
  0,
  1,
  2,
  3,
  4,
  5,
  6,
  7,
  8,
  9,
  10,
  11
 ],
 "씨앗별 판(전정밀)": [
  0.4724867181663707,
  0.46719171730534703,
  0.4658892816198422,
  0.46943530676675527,
  0.47096916768228503,
  0.46906085665688524,
  0.46965152992751946,
  0.4692259372931176,
  0.4718093381607164,
  0.4726269837381962,
  0.4687892099232085,
  0.47074352893615107
 ],
 "씨앗별 판(5자리)": [
  0.47249,
  0.46719,
  0.46589,
  0.46944,
  0.47097,
  0.46906,
  0.46965,
  0.46923,
  0.47181,
  0.47263,
  0.46879,
  0.47074
 ],
 "평균": 0.4698232980146997,
 "SD(ddof=1)": 0.002037107945365895,
 "SE": 0.0005880624103126625,
 "유보 가중 합": 3775,
 "도메인 수": 12,
 "도메인별 유보": {
  "게임": 180,
  "도서": 163,
  "만화": 258,
  "모바일": 441,
  "세계애니": 300,
  "시장팝업": 126,
  "아이돌": 51,
  "애니": 606,
  "영화": 406,
  "웹툰": 650,
  "팝업": 65,
  "펀딩": 529
 },
 "도메인별 ρ(씨앗 평균)": {
  "게임": 0.6546515496019857,
  "도서": 0.38833122738178677,
  "만화": 0.33779212722293894,
  "모바일": 0.6260352509301992,
  "세계애니": 0.5799383696855759,
  "시장팝업": 0.16772103487063195,
  "아이돌": 0.45242081447957666,
  "애니": 0.6038119852122931,
  "영화": 0.4848491722054858,
  "웹툰": 0.35701038163585624,
  "팝업": 0.37812135780881756,
  "펀딩": 0.36225799700827754
 },
 "씨앗0 단독": 0.4724867181663707,
 "씨앗0~5 평균": 0.46917217469958095,
 "초": 4870.5
}
완료
