HEAD ee2436a43b35b06a2ae4156afaf346f55efa599d  2026-08-10T23:34:30
도메인 12 · 유보 가중 합 3775
ㄱ 자루 random_state = [0, 1, 2, 3, 4, 5]…  kw['random_state']=7  f.seed=7  → C1(무연산) True
씨앗0 적합 끝 (804s)
ㄴ 동률
   게임       채점  180행 · 예측 고유  177 · 동률 0.017
   도서       채점  163행 · 예측 고유  158 · 동률 0.031
   만화       채점  258행 · 예측 고유  255 · 동률 0.012
   모바일      채점  441행 · 예측 고유  435 · 동률 0.014
   세계애니     채점  300행 · 예측 고유  294 · 동률 0.020
   시장팝업     채점  126행 · 예측 고유   15 · 동률 0.881
   아이돌      채점   51행 · 예측 고유   50 · 동률 0.020
   애니       채점  606행 · 예측 고유  580 · 동률 0.043
   영화       채점  406행 · 예측 고유  139 · 동률 0.658
   웹툰       채점  650행 · 예측 고유  639 · 동률 0.017
   팝업       채점   65행 · 예측 고유   63 · 동률 0.031
   펀딩       채점  529행 · 예측 고유  523 · 동률 0.011
ㄷ 네 조합(씨앗 0)
   post+rank_test(챔피언)        0.4724867181663708   기대 0.4724867181663707  Δ=+5.551e-17
   post+scipy                 0.4731063028988083   기대 0.4731063028988084  Δ=-1.110e-16
   kho+scipy(837)             0.4738262345295442   기대 0.47382623452954425  Δ=-5.551e-17
   kho+rank_test              0.4731956343305619   기대 0.47319563433056183  Δ=+5.551e-17
완료 843s → /Users/ax/world_model/runners/out898_wire.899a.json
