HEAD ee2436a43b35b06a2ae4156afaf346f55efa599d  2026-08-10T23:34:32
도메인 12 · 유보 가중 합 3775
학습 도메인 12
  씨앗 0: A 0.4724867181663708  B 0.4731063028988083  Δ +0.00061958  (509s)
  씨앗 1: A 0.4671917173053471  B 0.4675015028333441  Δ +0.00030979  (842s)
  씨앗 2: A 0.4658892816198422  B 0.46639450334527066  Δ +0.00050522  (906s)
  씨앗 3: A 0.46943530676675527  B 0.4699309301032274  Δ +0.00049562  (980s)
  씨앗 4: A 0.470969167682285  B 0.47158456303822727  Δ +0.00061540  (1047s)
  씨앗 5: A 0.4690608566568853  B 0.4695150071184545  Δ +0.00045415  (1113s)
  씨앗 6: A 0.4696515299275195  B 0.47034557551307604  Δ +0.00069405  (1173s)
  씨앗 7: A 0.4692259372931176  B 0.4695872849104245  Δ +0.00036135  (1234s)
  씨앗 8: A 0.4718093381607164  B 0.4722040221495256  Δ +0.00039468  (1300s)
  씨앗 9: A 0.47262698373819617  B 0.47332411387745876  Δ +0.00069713  (1362s)
  씨앗 10: A 0.46878920992320855  B 0.46947010431526504  Δ +0.00068089  (1422s)
  씨앗 11: A 0.470743528936151  B 0.4711463503541345  Δ +0.00040282  (1482s)
중단 조건(씨앗0 재현 · 허용 1e-12): {'A(서수)': 5.551115123125783e-17, 'B(동률평균)': -1.1102230246251565e-16} → 통과
팔 A 평균 np.float64(0.46982329801469963) · 팔 B 평균 np.float64(0.47034252170476804) · 짝Δ np.float64(0.0005192236900684785) ± 3.9934465711575424e-05(SE) · 양수 12/12
① 씨앗 짝 BCa 0.0005192236900684785 [0.0004440401896914748, 0.0005935855974753013] BCa → 승
R-1 순서 의존: A 12/12 도메인 (최대 폭 0.156160) · B 0/12 (최대 폭 0.00e+00) → 팔 B(P1 이 갈랐다)
R-3a 887형: 마스크 없이 B nan=True · 마스크 뒤 유한=True → 발화 False
도메인별 Δ(B−A)
   시장팝업     n= 126 고유  15 동률0.881  Δ+0.015305 (12/12)  판기여 +0.000511
   아이돌      n=  51 고유  50 동률0.020  Δ+0.003917 (12/12)  판기여 +0.000053
   펀딩       n= 529 고유 523 동률0.011  Δ-0.000695 ( 0/12)  판기여 -0.000097
   만화       n= 258 고유 255 동률0.012  Δ-0.000249 ( 0/12)  판기여 -0.000017
   애니       n= 606 고유 580 동률0.043  Δ+0.000231 (12/12)  판기여 +0.000037
   도서       n= 163 고유 158 동률0.031  Δ+0.000166 (12/12)  판기여 +0.000007
   모바일      n= 441 고유 435 동률0.014  Δ+0.000117 (12/12)  판기여 +0.000014
   영화       n= 406 고유 139 동률0.658  Δ+0.000104 ( 6/12)  판기여 +0.000011
   팝업       n=  65 고유  63 동률0.031  Δ-0.000032 ( 9/12)  판기여 -0.000001
   게임       n= 180 고유 177 동률0.017  Δ-0.000021 ( 4/12)  판기여 -0.000001
   세계애니     n= 300 고유 294 동률0.020  Δ+0.000016 ( 8/12)  판기여 +0.000001
   웹툰       n= 650 고유 639 동률0.017  Δ+0.000007 ( 9/12)  판기여 +0.000001
   판 기여 합 0.0005192236900684966 대 짝Δ 평균 np.float64(0.0005192236900684785) · 차 +1.81e-17
② 행 군집 BCa np.float64(0.0005239103940929413) [-0.002897719422914282, 0.003417057300417062] BCa 군집 3774/3775행 → 판정 불능
완료 1813s → /Users/ax/world_model/runners/out898_board.899a.json
