HEAD 908d1508293b62b7cfcab7586ca4aefeb48b2f3f  2026-08-10T21:59:41
{"자료 sha256": "d7e2df860139efba", "890 과 동일": true, "가중 합": 3775, "가중 합 == 3775": true, "캐시 sha256": "da2e39bae7ce4e4e"}
캐시 적재 완료 (5s)
  부트 1000/10000 (10s)
  부트 2000/10000 (16s)
  부트 3000/10000 (21s)
  부트 4000/10000 (27s)
  부트 5000/10000 (33s)
  부트 6000/10000 (38s)
  부트 7000/10000 (44s)
  부트 8000/10000 (49s)
  부트 9000/10000 (55s)
  부트 10000/10000 (61s)
행 짝 동률 평균(891 정본): {'K=1 SD': 0.0014359095859390793, 'K=2 SD': 0.0014595368230493012, '행짝성분(max SD)': 0.0014595368230493012, 'R4 = 2σ': 0.0029190736460986025, '고른 팔': 'K=2'}
행 짝 서수(rank_test): {'K=1 SD': 0.001452848932119288, 'K=2 SD': 0.0014752022684990647, '행짝성분(max SD)': 0.0014752022684990647, 'R4 = 2σ': 0.0029504045369981293, '고른 팔': 'K=2'}
  씨앗 분할 동률 평균(891 정본) K=1: {'분할 수': 462, 'SD(6대6)': 0.0013007259954322837, 'SD(12대12 환산)': 0.00091975217183579} (62s)
  씨앗 분할 동률 평균(891 정본) K=2: {'분할 수': 462, 'SD(6대6)': 0.0013962088414174716, 'SD(12대12 환산)': 0.0009872687397189071} (62s)
  씨앗 분할 서수(rank_test) K=1: {'분할 수': 462, 'SD(6대6)': 0.0012840294677438546, 'SD(12대12 환산)': 0.0009079459438850328} (63s)
  씨앗 분할 서수(rank_test) K=2: {'분할 수': 462, 'SD(6대6)': 0.0014860084422349724, 'SD(12대12 환산)': 0.001050766646404807} (63s)
🔴 R5 동률 평균(891 정본): {'씨앗성분(12대12)': 0.00099, '행짝성분': 0.00146, 'R5 = 2·hypot': 0.00352, 'R5(전정밀)': 0.0035241721310191455}
🔴 R5 서수(rank_test): {'씨앗성분(12대12)': 0.00105, '행짝성분': 0.00148, 'R5 = 2·hypot': 0.00362, 'R5(전정밀)': 0.003622337520542}
{"891 이 인쇄한 R5": 0.00353, "여기서 다시 잰 R5(동률 평균)": 0.00352, "일치": false, "891 씨앗성분": 0.00099, "여기 씨앗성분": 0.00099, "891 행짝성분": 0.00146, "여기 행짝성분": 0.00146}
완료 63s → /Users/ax/world_model/runners/out898_thr.json
