/Users/ax/Library/Python/3.9/lib/python/site-packages/urllib3/__init__.py:35: NotOpenSSLWarning: urllib3 v2 only supports OpenSSL 1.1.1+, currently the 'ssl' module is compiled with 'LibreSSL 2.8.3'. See: https://github.com/urllib3/urllib3/issues/3020
  warnings.warn(
/Users/ax/world_model/state/tri_domain.py:290: UserWarning: media_push 채움 길이 불일치: 만화 2041 대 5905 --- 축이 빠진다
  warnings.warn("media_push 채움 길이 불일치: %s %d 대 %d --- 축이 빠진다"
/Users/ax/world_model/state/tri_domain.py:290: UserWarning: media_push 채움 길이 불일치: 만화 1789 대 5905 --- 축이 빠진다
  warnings.warn("media_push 채움 길이 불일치: %s %d 대 %d --- 축이 빠진다"
{"W1 자료 sha256": "d7e2df860139efba", "W1 890 과 동일": true, "W2 가중 합": 3775, "W2 도메인": 12, "🔴 thresh891 에서 읽은 값": {"R5(옛 문턱)": 0.00353, "씨앗 성분": 0.00099, "행 짝 성분": 0.00146, "칸2 통과(R5)": []}}
  게임: n=223 일군집 157 (m̄ 1.42 · 최대 7) · 월군집 19 (m̄ 11.74) · 미상 0 · data/state/game_axes.json/release_date
  도서: n=163 일군집 89 (m̄ 1.83 · 최대 11) · 월군집 18 (m̄ 9.06) · 미상 0 · data/state/book_axes.json/pub_date
  만화: n=258 일군집 183 (m̄ 1.41 · 최대 5) · 월군집 18 (m̄ 14.33) · 미상 0 · data/state/manga_axes.json/start_date
  모바일: n=441 일군집 281 (m̄ 1.57 · 최대 11) · 월군집 20 (m̄ 22.05) · 미상 0 · data/state/mobile_axes.json/release_date
  세계애니: n=300 일군집 123 (m̄ 2.44 · 최대 11) · 월군집 25 (m̄ 12.00) · 미상 0 · data/state/wanime_axes.json/start_date
  시장팝업: n=126 일군집 98 (m̄ 1.29 · 최대 5) · 월군집 19 (m̄ 6.63) · 미상 0 · data/state/market_axes.json/period_from
  아이돌: n=51 일군집 33 (m̄ 1.55 · 최대 3) · 월군집 16 (m̄ 3.19) · 미상 0 · idolset._rows/debut_date
  애니: n=606 일군집 303 (m̄ 2.00 · 최대 7) · 월군집 19 (m̄ 31.89) · 미상 0 · data/state/anime_axes.json/start_date
  영화: n=406 일군집 171 (m̄ 2.37 · 최대 8) · 월군집 19 (m̄ 21.37) · 미상 0 · data/state/kobis_axes.json/release_date
  웹툰: n=711 일군집 471 (m̄ 1.51 · 최대 6) · 월군집 19 (m̄ 37.42) · 미상 0 · data/state/webtoon_axes.json/start_date
  팝업: n=65 일군집 60 (m̄ 1.08 · 최대 2) · 월군집 17 (m̄ 3.82) · 미상 0 · popupset._frac(meta.date) 역산 → YYYY-MM-DD(일 해상도)
  펀딩: n=529 일군집 322 (m̄ 1.64 · 최대 6) · 월군집 19 (m̄ 27.84) · 미상 0 · data/state/funding_axes.json/start_date
  ICC 게임: 일 +0.2187 m̄ 1.28 m0 1.27 DEFF 1.061 n_eff 169.7 · 월 +0.0483 DEFF 1.435
  ICC 도서: 일 +0.2507 m̄ 1.83 m0 1.81 DEFF 1.208 n_eff 134.9 · 월 +0.2567 DEFF 3.068
  ICC 만화: 일 +0.0793 m̄ 1.41 m0 1.41 DEFF 1.033 n_eff 249.9 · 월 -0.0029 DEFF 0.962
  ICC 모바일: 일 +0.0201 m̄ 1.57 m0 1.57 DEFF 1.011 n_eff 436.0 · 월 +0.1041 DEFF 3.192
  ICC 세계애니: 일 +0.0756 m̄ 2.44 m0 2.43 DEFF 1.109 n_eff 270.6 · 월 +0.0403 DEFF 1.444
  ICC 시장팝업: 일 +0.2143 m̄ 1.29 m0 1.28 DEFF 1.061 n_eff 118.7 · 월 +0.0618 DEFF 1.348
  ICC 아이돌: 일 +0.2210 m̄ 1.55 m0 1.54 DEFF 1.121 n_eff 45.5 · 월 +0.0194 DEFF 1.042
  ICC 애니: 일 +0.0555 m̄ 2.00 m0 2.00 DEFF 1.055 n_eff 574.2 · 월 +0.0566 DEFF 2.749
  ICC 영화: 일 -0.0390 m̄ 2.37 m0 2.37 DEFF 0.946 n_eff 429.0 · 월 -0.0218 DEFF 0.556
  ICC 웹툰: 일 +0.1263 m̄ 1.39 m0 1.39 DEFF 1.049 n_eff 619.4 · 월 +0.0933 DEFF 4.099
  ICC 팝업: 일 +0.1724 m̄ 1.08 m0 1.08 DEFF 1.014 n_eff 64.1 · 월 -0.0820 DEFF 0.769
  ICC 펀딩: 일 +0.0164 m̄ 1.64 m0 1.64 DEFF 1.011 n_eff 523.5 · 월 +0.0216 DEFF 1.581
부트 ① 행 단위(thresh891 재현 · W5) ...
    부트[row] 2500/10000 (21s)
    부트[row] 5000/10000 (37s)
    부트[row] 7500/10000 (53s)
    부트[row] 10000/10000 (69s)
부트 ② 일 군집 ...
    부트[day] 2500/10000 (86s)
    부트[day] 5000/10000 (103s)
    부트[day] 7500/10000 (120s)
    부트[day] 10000/10000 (137s)
부트 ③ 월 군집 ...
    부트[mon] 2500/10000 (154s)
    부트[mon] 5000/10000 (170s)
    부트[mon] 7500/10000 (186s)
    부트[mon] 10000/10000 (202s)
{"내 NULL_K1 SD": 0.00144, "891 NULL_K1 SD": 0.00144, "내 NULL_K2 SD": 0.00146, "891 NULL_K2 SD": 0.00146, "내 LVL_K1full SD": 0.01314, "891 LVL_K1full SD": 0.01314, "W5 통과": true}
→ /Users/ax/world_model/runners/out899_dateclust.json (202s)
