HEAD dbdd7040878f686caf69ddaf15cd40dd75039692  2026-08-10T23:40:43
자료 적재 5s · 가중 합 3775
{"대조": "캐시 예측을 **옛 서수 함수**로 채점 → 890 의 `씨앗별 원자료`(서수 시대)", "칸 수": 288, "최대 |차|": 0.0, "비트 동일": true, "1e-12 안": true, "⚠": "890 은 옛 `state.rank_test.spearman`(분모 +1e-12)을 썼고 여기 `sp_ord` 는 그 구현을 글자 그대로 옮긴 것이다. 차가 정확히 0 이면 캐시 = 890 의 적합이다."}
── 서수(옛 · 890 인쇄값)
   {"자": "① 판(가중)", "K=1 평균": 0.4698, "K=2 평균": 0.4695, "짝Δ 평균": -0.00036, "짝Δ 평균(전정밀)": -0.00035525514769375877, "짝SD": 0.0019, "짝SE": 0.00055, "|Δ|/SE": 0.65, "양수": 6, "총": 12, "수준SD(K=1)": 0.00204, "수준SD(K=1) 전정밀": 0.0020371079453658783, "🔴 규약 47 구간": {"점추정": -0.00035525514769375877, "lo": -0.0013657130208189487, "hi": 0.0006780134244661382, "종류": "BCa", "B": 10000, "부트 씨앗": 899126, "군집": {"행": 12, "군집": 12, "병합": 0, "⚠ 무군집": "제목 원천 없음 — 행 부트스트랩과 동일(폭 과소 방향)"}, "판정": "판정 불능", "폴백 사유": null}}
   {"자": "② 거시판(비가중)", "K=1 평균": 0.4494, "K=2 평균": 0.4498, "짝Δ 평균": 0.00038, "짝Δ 평균(전정밀)": 0.00037923338046267724, "짝SD": 0.00339, "짝SE": 0.00098, "|Δ|/SE": 0.39, "양수": 6, "총": 12, "수준SD(K=1)": 0.00204, "수준SD(K=1) 전정밀": 0.0020437586914390593, "🔴 규약 47 구간": {"점추정": 0.00037923338046267724, "lo": -0.0012191291135055, "hi": 0.0025506065373856767, "종류": "BCa", "B": 10000, "부트 씨앗": 899126, "군집": {"행": 12, "군집": 12, "병합": 0, "⚠ 무군집": "제목 원천 없음 — 행 부트스트랩과 동일(폭 과소 방향)"}, "판정": "판정 불능", "폴백 사유": null}}
   {"자": "③ 아이돌 도메인(씨앗 짝)", "K=1 평균": 0.4524, "K=2 평균": 0.4791, "짝Δ 평균": 0.02673, "짝Δ 평균(전정밀)": 0.02672699849170075, "짝SD": 0.02504, "짝SE": 0.00723, "|Δ|/SE": 3.7, "양수": 10, "총": 12, "수준SD(K=1)": 0.0247, "수준SD(K=1) 전정밀": 0.02470424366573222, "🔴 규약 47 구간": {"점추정": 0.02672699849170075, "lo": 0.015739064856709797, "hi": 0.043866497754269394, "종류": "BCa", "B": 10000, "부트 씨앗": 899126, "군집": {"행": 12, "군집": 12, "병합": 0, "⚠ 무군집": "제목 원천 없음 — 행 부트스트랩과 동일(폭 과소 방향)"}, "판정": "승", "폴백 사유": null}}
── 동률 평균(오늘)
   {"자": "① 판(가중)", "K=1 평균": 0.4703, "K=2 평균": 0.47, "짝Δ 평균": -0.00034, "짝Δ 평균(전정밀)": -0.00034174981231274254, "짝SD": 0.00191, "짝SE": 0.00055, "|Δ|/SE": 0.62, "양수": 6, "총": 12, "수준SD(K=1)": 0.00209, "수준SD(K=1) 전정밀": 0.002089504045650674, "🔴 규약 47 구간": {"점추정": -0.00034174981231274254, "lo": -0.0013802346687753354, "hi": 0.0006847985716847744, "종류": "BCa", "B": 10000, "부트 씨앗": 899126, "군집": {"행": 12, "군집": 12, "병합": 0, "⚠ 무군집": "제목 원천 없음 — 행 부트스트랩과 동일(폭 과소 방향)"}, "판정": "판정 불능", "폴백 사유": null}}
   {"자": "② 거시판(비가중)", "K=1 평균": 0.451, "K=2 평균": 0.4513, "짝Δ 평균": 0.00028, "짝Δ 평균(전정밀)": 0.00027905815491564845, "짝SD": 0.00329, "짝SE": 0.00095, "|Δ|/SE": 0.29, "양수": 6, "총": 12, "수준SD(K=1)": 0.00207, "수준SD(K=1) 전정밀": 0.002074451756437441, "🔴 규약 47 구간": {"점추정": 0.00027905815491564845, "lo": -0.0013196740590421005, "hi": 0.002335308976320638, "종류": "BCa", "B": 10000, "부트 씨앗": 899126, "군집": {"행": 12, "군집": 12, "병합": 0, "⚠ 무군집": "제목 원천 없음 — 행 부트스트랩과 동일(폭 과소 방향)"}, "판정": "판정 불능", "폴백 사유": null}}
   {"자": "③ 아이돌 도메인(씨앗 짝)", "K=1 평균": 0.4563, "K=2 평균": 0.4822, "짝Δ 평균": 0.02586, "짝Δ 평균(전정밀)": 0.025855145572661026, "짝SD": 0.02422, "짝SE": 0.00699, "|Δ|/SE": 3.7, "양수": 10, "총": 12, "수준SD(K=1)": 0.02435, "수준SD(K=1) 전정밀": 0.024351061198784447, "🔴 규약 47 구간": {"점추정": 0.025855145572661026, "lo": 0.01525727572689591, "hi": 0.04233782029239739, "종류": "BCa", "B": 10000, "부트 씨앗": 899126, "군집": {"행": 12, "군집": 12, "병합": 0, "⚠ 무군집": "제목 원천 없음 — 행 부트스트랩과 동일(폭 과소 방향)"}, "판정": "승", "폴백 사유": null}}
{"무엇": "890 의 자④ 와 행수준 병기 둘은 국소 `sp`(동률 평균)로만 채점하므로 898 의 순위 함수 교체와 **무관하다**. 논증이 아니라 오늘 다시 재서 890 인쇄값과 맞댄다.", "자④ 아이돌 행 군집 BCa": {"오늘": {"점추정": 0.03458, "lo": -0.04943, "hi": 0.11877, "종류": "BCa", "판정": "판정 불능", "군집": {"행": 51, "군집": 50, "병합": 1}, "앙상블 ρ K=1": 0.45552, "앙상블 ρ K=2": 0.4901}, "890 인쇄": {"점추정": 0.03458, "lo": -0.04943, "hi": 0.11877, "종류": "BCa", "판정": "판정 불능", "군집": {"행": 51, "군집": 50, "병합": 1}, "앙상블 ρ K=1": 0.45552, "앙상블 ρ K=2": 0.4901}, "같은가": true}, "행수준 판(병기) 점추정": {"오늘": -0.00013, "890 인쇄": -0.00013, "같은가": true}, "행수준 거시(병기) 점추정": {"오늘": 0.00122, "890 인쇄": 0.00122, "같은가": true}, "⚠ 행수준 구간은 다시 안 쟀다": "890 의 층화 percentile 부트(B=10,000 · rng 8900)는 같은 국소 `sp` 와 같은 rng 만 타므로 구성상 동일하다. 점추정만 실측으로 확인했다 — **못 잰 것을 못 쟀다고 적는다**."}
{
 "R1 = 자① 판": {
  "자": "① 판(가중)",
  "옛(서수) 짝Δ": -0.00035525514769375877,
  "새(동률 평균) 짝Δ": -0.00034174981231274254,
  "차(새−옛)": 1.3505335381016226e-05,
  "상대 변화(%)": 3.801587526230093,
  "부호가 뒤집혔나": false,
  "옛 |Δ|/SE": 0.65,
  "새 |Δ|/SE": 0.62,
  "옛 양수/총": "6/12",
  "새 양수/총": "6/12",
  "옛 짝SE": 0.00055,
  "새 짝SE": 0.00055,
  "옛 구간": [
   -0.0013657130208189487,
   0.0006780134244661382
  ],
  "새 구간": [
   -0.0013802346687753354,
   0.0006847985716847744
  ],
  "옛 판정": "판정 불능",
  "새 판정": "판정 불능",
  "🔴 판정이 뒤집혔나": false
 },
 "R2 = 자② 거시판": {
  "자": "② 거시판(비가중)",
  "옛(서수) 짝Δ": 0.00037923338046267724,
  "새(동률 평균) 짝Δ": 0.00027905815491564845,
  "차(새−옛)": -0.00010017522554702879,
  "상대 변화(%)": -26.41519199201603,
  "부호가 뒤집혔나": false,
  "옛 |Δ|/SE": 0.39,
  "새 |Δ|/SE": 0.29,
  "옛 양수/총": "6/12",
  "새 양수/총": "6/12",
  "옛 짝SE": 0.00098,
  "새 짝SE": 0.00095,
  "옛 구간": [
   -0.0012191291135055,
   0.0025506065373856767
  ],
  "새 구간": [
   -0.0013196740590421005,
   0.002335308976320638
  ],
  "옛 판정": "판정 불능",
  "새 판정": "판정 불능",
  "🔴 판정이 뒤집혔나": false
 },
 "R3 = 자③ 아이돌": {
  "자": "③ 아이돌(씨앗 짝)",
  "옛(서수) 짝Δ": 0.02672699849170075,
  "새(동률 평균) 짝Δ": 0.025855145572661026,
  "차(새−옛)": -0.0008718529190397256,
  "상대 변화(%)": -3.2620682015994156,
  "부호가 뒤집혔나": false,
  "옛 |Δ|/SE": 3.7,
  "새 |Δ|/SE": 3.7,
  "옛 양수/총": "10/12",
  "새 양수/총": "10/12",
  "옛 짝SE": 0.00723,
  "새 짝SE": 0.00699,
  "옛 구간": [
   0.015739064856709797,
   0.043866497754269394
  ],
  "새 구간": [
   0.01525727572689591,
   0.04233782029239739
  ],
  "옛 판정": "승",
  "새 판정": "승",
  "🔴 판정이 뒤집혔나": false
 }
}
{
 "🔴 「자는 안 움직인다」는 거짓이다": "890 의 자 다섯 중 **씨앗 짝 셋(자①·자②·자③)이 전부 움직인다.** 셋 다 `state.rank_test.spearman` 을 도메인 채점자로 태우고(`ruler890.py:143`), 898 이 그 함수를 서수 → 동률 평균으로 바꿨기 때문이다. 가장 크게 움직인 것은 **② 거시판(비가중) · 상대 -26.42%**.",
 "참인 더 좁은 문장 ①": "**R5(채택 문턱)는 안 움직인다** — `thresh891` 의 두 성분이 처음부터 `ruler890.sp`(동률 평균)이라 `rank_test` 를 안 탄다(노트 898 이 실측).",
 "참인 더 좁은 문장 ②": "**890 의 자④(아이돌 행 군집 BCa)와 행수준 판·거시 병기도 안 움직인다** — 그 셋은 890 국소 `sp`(동률 평균)로 채점한다. 즉 890 안에서도 **`rank_test` 를 타는 자와 안 타는 자가 갈려 있었다.**",
 "🔴 그래도 판정은 하나도 안 뒤집힌다": "규약 47 BCa 로 세 자 모두 옛·새 판정이 같다(자① 판정 불능 · 자② 판정 불능 · 자③ 승). ⚠ **판정이 안 바뀌는 것과 「안 움직인다」는 다른 문장이다** — 890 의 결론은 살지만 그 결론을 나르는 **수는 전부 갱신해야 한다**(조항 59).",
 "🔴 R5 로 R1·R2 를 추론할 수 없었다는 것이 확인됐다": "방향과 크기가 자마다 다르다 — 자① +3.80% · 자② -26.42% · 자③ -3.26% · 판 수준 씨앗 SD +2.57% · 891 씨앗 성분 −6.09%(898 실측 0.001051→0.000987). **부호가 갈린다.**"
}
=== 저장 /Users/ax/world_model/runners/out899c_ruler890R12.json · 6.6s ===
