[      0s] 시작 2026-08-11T11:31:15 · 씨앗 (0, 1, 2)
[      4s] 도메인 12 · 유보 가중 합 3775 · 지문 721a7b7e0d15
[      5s] 텍스트 풀: 학습 18523 · 유보 3455 · 축 union 40
[      5s] 배선 ② 토큰 없이 판(씨앗 0) …
[    102s]    실측 0.4731063028988084 · 차 +0.000e+00 → 통과
[    102s] 배선 ㄱ 갈래가 lab/textnn 과 비트 동일한가 …
[    110s]    True
[    110s] 배선 ①③④ 갈래마다 …
[    121s]    ㄱ도메인: K=11 파라미터=2457 기여도=0.467134 ①True ③True ④True
[    131s]    ㄴ1시점월: K=12 파라미터=2465 기여도=0.145484 ①True ③True ④True
[    142s]    ㄴ2시점위치: K=8 파라미터=2433 기여도=0.408268 ①True ③True ④True
[    152s]    ㄷ규모: K=4 파라미터=2401 기여도=0.733124 ①True ③True ④True
[    162s]    ㄹ결측무늬: K=47 파라미터=2745 기여도=0.395439 ①True ③True ④True
[    162s]    ㄴ0 퇴화: {'버킷 수': 8, '학습 버킷 점유': {0: 2316, 1: 2313, 2: 2314, 3: 2298, 4: 2324, 5: 2323, 6: 2319, 7: 2316}, '유보 버킷 점유': {7: 3455}, '유보가 차지한 버킷 수': 1, '🔴 구성상 퇴화인가': True}
[    162s] 관문 {'②': True, '①(전 갈래)': True, '③(전 갈래)': True, '④(전 갈래)': True, '측정해도 되나': True}
[    162s] === 씨앗 대 s=0 (NN 씨앗 685) ===
[    270s]    없이                     씨앗0 판 0.473106  (108s)
[    384s]    ㄱ도메인|진짜                씨앗0 판 0.471060  (107s)
[    495s]    ㄱ도메인|위약-값              씨앗0 판 0.465900  (107s)
[    609s]    ㄱ도메인|위약-토큰             씨앗0 판 0.466198  (107s)
[    718s]    ㄱ도메인|라벨순열              씨앗0 판 0.469093  (103s)
[    834s]    ㄴ1시점월|진짜               씨앗0 판 0.469361  (109s)
[    938s]    ㄴ1시점월|위약-값             씨앗0 판 0.469152  (101s)
[   1047s]    ㄴ1시점월|위약-토큰            씨앗0 판 0.471321  (102s)
[   1157s]    ㄴ1시점월|라벨순열             씨앗0 판 0.468046  (104s)
[   1268s]    ㄴ2시점위치|진짜              씨앗0 판 0.473732  (103s)
[   1371s]    ㄴ2시점위치|위약-값            씨앗0 판 0.465889  (100s)
[   1479s]    ㄴ2시점위치|위약-토큰           씨앗0 판 0.473896  (102s)
[   1588s]    ㄴ2시점위치|라벨순열            씨앗0 판 0.472202  (103s)
[   1695s]    ㄷ규모|진짜                 씨앗0 판 0.469643  (100s)
[   1801s]    ㄷ규모|위약-값               씨앗0 판 0.469347  (102s)
[   1909s]    ㄷ규모|위약-토큰              씨앗0 판 0.469212  (101s)
[   2019s]    ㄷ규모|라벨순열               씨앗0 판 0.469622  (104s)
[   2089s]    ㄹ결측무늬|진짜               씨앗0 판 0.473127  (64s)
[   2159s]    ㄹ결측무늬|위약-값             씨앗0 판 0.469499  (67s)
[   2247s]    ㄹ결측무늬|위약-토큰            씨앗0 판 0.467318  (83s)
[   2376s]    ㄹ결측무늬|라벨순열             씨앗0 판 0.472357  (122s)
[   2376s] === 씨앗 대 s=1 (NN 씨앗 686) ===
[   2479s]    없이                     씨앗1 판 0.467502  (103s)
[   2592s]    ㄱ도메인|진짜                씨앗1 판 0.461094  (106s)
[   2698s]    ㄱ도메인|위약-값              씨앗1 판 0.457788  (103s)
[   2811s]    ㄱ도메인|위약-토큰             씨앗1 판 0.463806  (106s)
[   2921s]    ㄱ도메인|라벨순열              씨앗1 판 0.459596  (104s)
[   2999s]    ㄴ1시점월|진짜               씨앗1 판 0.468169  (71s)
[   3065s]    ㄴ1시점월|위약-값             씨앗1 판 0.457822  (63s)
[   3133s]    ㄴ1시점월|위약-토큰            씨앗1 판 0.465794  (63s)
[   3204s]    ㄴ1시점월|라벨순열             씨앗1 판 0.469577  (65s)
[   3273s]    ㄴ2시점위치|진짜              씨앗1 판 0.462645  (64s)
[   3347s]    ㄴ2시점위치|위약-값            씨앗1 판 0.464937  (71s)
[   3418s]    ㄴ2시점위치|위약-토큰           씨앗1 판 0.462730  (66s)
[   3486s]    ㄴ2시점위치|라벨순열            씨앗1 판 0.467328  (63s)
[   3555s]    ㄷ규모|진짜                 씨앗1 판 0.461494  (63s)
[      0s] 시작 2026-08-11T12:39:15 · 씨앗 (0, 1, 2)
[      0s] 이어붙이기: 21 칸
[      4s] 도메인 12 · 유보 가중 합 3775 · 지문 721a7b7e0d15
[      4s] 텍스트 풀: 학습 18523 · 유보 3455 · 축 union 40
[      4s] 배선 ② 토큰 없이 판(씨앗 0) …
[     66s]    실측 0.4731063028988084 · 차 +0.000e+00 → 통과
[     66s] 배선 ㄱ 갈래가 lab/textnn 과 비트 동일한가 …
[     71s]    True
[     71s] 배선 ①③④ 갈래마다 …
[     77s]    ㄱ도메인: K=11 파라미터=2457 기여도=0.467134 ①True ③True ④True
[     83s]    ㄴ1시점월: K=12 파라미터=2465 기여도=0.145484 ①True ③True ④True
[     89s]    ㄴ2시점위치: K=8 파라미터=2433 기여도=0.408268 ①True ③True ④True
[     94s]    ㄷ규모: K=4 파라미터=2401 기여도=0.733124 ①True ③True ④True
[    100s]    ㄹ결측무늬: K=47 파라미터=2745 기여도=0.395439 ①True ③True ④True
[    100s]    ㄴ0 퇴화: {'버킷 수': 8, '학습 버킷 점유': {0: 2316, 1: 2313, 2: 2314, 3: 2298, 4: 2324, 5: 2323, 6: 2319, 7: 2316}, '유보 버킷 점유': {7: 3455}, '유보가 차지한 버킷 수': 1, '🔴 구성상 퇴화인가': True}
[    100s] 관문 {'②': True, '①(전 갈래)': True, '③(전 갈래)': True, '④(전 갈래)': True, '측정해도 되나': True}
[    100s] === 씨앗 대 s=0 (NN 씨앗 685) ===
[    100s]    없이                     씨앗0 — 앞선 프로세스가 이미 쟀다(건너뛴다)
[    100s]    ㄱ도메인|진짜       씨앗0 — 앞선 프로세스가 이미 쟀다(축도 건너뛴다)
[    100s]    ㄱ도메인|위약-토큰    씨앗0 — 앞선 프로세스가 이미 쟀다(축도 건너뛴다)
[    100s]    ㄱ도메인|라벨순열     씨앗0 — 앞선 프로세스가 이미 쟀다(축도 건너뛴다)
[    100s]    ㄴ1시점월|진짜       씨앗0 — 앞선 프로세스가 이미 쟀다(축도 건너뛴다)
[    100s]    ㄴ1시점월|위약-토큰    씨앗0 — 앞선 프로세스가 이미 쟀다(축도 건너뛴다)
[    100s]    ㄴ1시점월|라벨순열     씨앗0 — 앞선 프로세스가 이미 쟀다(축도 건너뛴다)
[    100s]    ㄴ2시점위치|진짜       씨앗0 — 앞선 프로세스가 이미 쟀다(축도 건너뛴다)
[    100s]    ㄴ2시점위치|위약-토큰    씨앗0 — 앞선 프로세스가 이미 쟀다(축도 건너뛴다)
[    100s]    ㄴ2시점위치|라벨순열     씨앗0 — 앞선 프로세스가 이미 쟀다(축도 건너뛴다)
[    100s]    ㄷ규모|진짜       씨앗0 — 앞선 프로세스가 이미 쟀다(축도 건너뛴다)
[    100s]    ㄷ규모|위약-토큰    씨앗0 — 앞선 프로세스가 이미 쟀다(축도 건너뛴다)
[    100s]    ㄷ규모|라벨순열     씨앗0 — 앞선 프로세스가 이미 쟀다(축도 건너뛴다)
[    100s]    ㄹ결측무늬|진짜       씨앗0 — 앞선 프로세스가 이미 쟀다(축도 건너뛴다)
[    100s]    ㄹ결측무늬|위약-토큰    씨앗0 — 앞선 프로세스가 이미 쟀다(축도 건너뛴다)
[    100s]    ㄹ결측무늬|라벨순열     씨앗0 — 앞선 프로세스가 이미 쟀다(축도 건너뛴다)
[    100s] === 씨앗 대 s=1 (NN 씨앗 686) ===
[    168s]    없이                     씨앗1 판 0.467502  (67s)
[    235s]    ㄱ도메인|진짜                씨앗1 판 0.461094  (62s)
[    302s]    ㄱ도메인|위약-값              씨앗1 판 0.457788  (64s)
[    370s]    ㄱ도메인|위약-토큰             씨앗1 판 0.463806  (63s)
[    438s]    ㄱ도메인|라벨순열              씨앗1 판 0.459596  (63s)
[    510s]    ㄴ1시점월|진짜               씨앗1 판 0.468169  (66s)
[    575s]    ㄴ1시점월|위약-값             씨앗1 판 0.457822  (62s)
[    643s]    ㄴ1시점월|위약-토큰            씨앗1 판 0.465794  (63s)
[    711s]    ㄴ1시점월|라벨순열             씨앗1 판 0.469577  (63s)
[    779s]    ㄴ2시점위치|진짜              씨앗1 판 0.462645  (63s)
[    850s]    ㄴ2시점위치|위약-값            씨앗1 판 0.464937  (67s)
[    933s]    ㄴ2시점위치|위약-토큰           씨앗1 판 0.462730  (78s)
[   1002s]    ㄴ2시점위치|라벨순열            씨앗1 판 0.467328  (64s)
[   1077s]    ㄷ규모|진짜                 씨앗1 판 0.461494  (70s)
[   1147s]    ㄷ규모|위약-값               씨앗1 판 0.462136  (67s)
[   1221s]    ㄷ규모|위약-토큰              씨앗1 판 0.465173  (68s)
[   1296s]    ㄷ규모|라벨순열               씨앗1 판 0.466305  (70s)
[   1368s]    ㄹ결측무늬|진짜               씨앗1 판 0.460111  (67s)
[   1442s]    ㄹ결측무늬|위약-값             씨앗1 판 0.460048  (70s)
[   1519s]    ㄹ결측무늬|위약-토큰            씨앗1 판 0.464323  (72s)
[   1595s]    ㄹ결측무늬|라벨순열             씨앗1 판 0.463122  (71s)
[   1595s] === 씨앗 대 s=2 (NN 씨앗 687) ===
[   1660s]    없이                     씨앗2 판 0.466395  (65s)
[   1876s]    ㄱ도메인|진짜                씨앗2 판 0.461249  (211s)
[   2061s]    ㄱ도메인|위약-값              씨앗2 판 0.456143  (181s)
[   2133s]    ㄱ도메인|위약-토큰             씨앗2 판 0.463994  (66s)
[   2207s]    ㄱ도메인|라벨순열              씨앗2 판 0.465064  (69s)
[   2284s]    ㄴ1시점월|진짜               씨앗2 판 0.465276  (72s)
[   2615s]    ㄴ1시점월|위약-값             씨앗2 판 0.465664  (327s)
[   2699s]    ㄴ1시점월|위약-토큰            씨앗2 판 0.470740  (79s)
[   2784s]    ㄴ1시점월|라벨순열             씨앗2 판 0.463370  (79s)
[   2868s]    ㄴ2시점위치|진짜              씨앗2 판 0.464256  (79s)
[   2990s]    ㄴ2시점위치|위약-값            씨앗2 판 0.465793  (118s)
[   3088s]    ㄴ2시점위치|위약-토큰           씨앗2 판 0.464579  (86s)
[   3211s]    ㄴ2시점위치|라벨순열            씨앗2 판 0.456651  (117s)
[   3384s]    ㄷ규모|진짜                 씨앗2 판 0.463323  (165s)
[   3575s]    ㄷ규모|위약-값               씨앗2 판 0.459900  (187s)
[   3773s]    ㄷ규모|위약-토큰              씨앗2 판 0.460231  (189s)
[   3960s]    ㄷ규모|라벨순열               씨앗2 판 0.464197  (180s)
[   4060s]    ㄹ결측무늬|진짜               씨앗2 판 0.461081  (92s)
[   4175s]    ㄹ결측무늬|위약-값             씨앗2 판 0.458762  (111s)
[   4295s]    ㄹ결측무늬|위약-토큰            씨앗2 판 0.462571  (113s)
[   4364s]    ㄹ결측무늬|라벨순열             씨앗2 판 0.460013  (63s)
[   4364s] 완결된 씨앗 대: [0, 1, 2]
[   4364s] ㄱ도메인: 신호 몫 0.0045238890577786 · 순효과 -0.0045330084528696175 → G5 selectivity 실패 — 갈래 무효
[   4364s] ㄴ1시점월: 신호 몫 0.003389066613486702 · 순효과 -0.0013989377947052535 → G5 selectivity 실패 — 갈래 무효
[   4364s] ㄴ2시점위치: 신호 몫 0.0013380777176084473 · 순효과 -0.0021230647476571476 → G4 **이 자를 못 넘었다**(3씨앗 · 12도메인 · 유보 3775)
[   4364s] ㄷ규모: 신호 몫 0.0010254062804904522 · 순효과 -0.004180778938164116 → G5 selectivity 실패 — 갈래 무효
[   4364s] ㄹ결측무늬: 신호 몫 0.0020033588773106423 · 순효과 -0.004227681897673548 → G5 selectivity 실패 — 갈래 무효
[   4367s] 완료 4367s → /Users/ax/world_model/runners/out908b_semtoken.json
