[분모] D1=897 D2=887 D3유보=406
  list 25/406 호출=25 fault=0
  list 50/406 호출=50 fault=0
  list 75/406 호출=75 fault=0
  list 100/406 호출=100 fault=0
  list 125/406 호출=125 fault=0
  list 150/406 호출=150 fault=0
  list 175/406 호출=175 fault=0
  list 200/406 호출=200 fault=0
  list 225/406 호출=225 fault=0
  list 250/406 호출=250 fault=0
  list 275/406 호출=275 fault=0
  list 300/406 호출=300 fault=0
  list 325/406 호출=325 fault=0
  list 350/406 호출=350 fault=0
  list 375/406 호출=376 fault=0
  list 400/406 호출=401 fault=0
  info 25/406 호출=432 fault=0
  info 50/406 호출=457 fault=0
  info 75/406 호출=483 fault=0
  info 100/406 호출=508 fault=0
  info 125/406 호출=533 fault=0
  info 150/406 호출=558 fault=0
  info 175/406 호출=583 fault=0
  info 200/406 호출=608 fault=0
  info 225/406 호출=634 fault=0
  info 250/406 호출=659 fault=0
  info 275/406 호출=685 fault=0
  info 300/406 호출=711 fault=0
  info 325/406 호출=736 fault=0
  info 350/406 호출=761 fault=0
  info 375/406 호출=786 fault=0
  info 400/406 호출=811 fault=0
{
  "노트": "908 팔 ㄹ — KOBIS 공식 오픈API 상세(수집)",
  "🔴 이 팔은 판을 안 쟀다": "ρ 를 한 번도 안 돌렸다. 「이 열이 유보 N행을 채운다」까지만 적었다",
  "UTC 시각": "2026-08-11T03:05:30+00:00",
  "코드 sha256": "a5e5f328fba278ed",
  "가. 분모 — 🔴 내가 직접 셌다(조항 60 · 딱지 병기)": {
    "D1(원천 레코드 · data/ingest/kobis/axes_raw_897.jsonl)": 897,
    "D2(축 파일 키 · data/state/kobis_axes.json)": 887,
    "D3(판 채점 유보 · post=True · T=2025.0)": 406,
    "🔴 `docs/수집계획.md` 가 인용한 수": 406,
    "🔴 내가 센 D3 유보와 같나": true,
    "🔴 D1 과 D3 는 다른 분모다": "897(원천 레코드) 대 406(판 채점 유보) — 이어 붙이지 않는다",
    "D3 유보 규칙(902 재현)": "data/state/kobis_axes.json 의 release_date 연분수 >= 2025.0",
    "🔴 유보 키가 8자리 movieCd 꼴이 아닌 것": 0,
    "🔴 902 함정 — 심어서 확인": {
      "무엇": "902 §W-H — 영화 키 정규화(`KOBIS-` 제거)를 되돌리면 매칭이 조용히 0 이 된다",
      "정규화 O — movieCd 꼴이 아닌 키": 0,
      "🔴 정규화 X(심은 결함) — movieCd 꼴이 아닌 키": 406,
      "🔴 심은 결함이 발화하나": true
    }
  },
  "나. 매칭 — 제목·개봉연도로 searchMovieList 에 맞췄다": {
    "분모(D3 유보)": 406,
    "맞음(정확히 1건)": 405,
    "못 맞춤(0건)": 1,
    "모호(2건 이상)": 0,
    "실제로 눌러 본 수": 406,
    "🔴 셋의 합": 406,
    "🔴 셋의 합 == 눌러 본 수(assert)": true,
    "🔴 셋의 합 == 분모": true,
    "🔴 안 눌러 본 유보 행(예산·중단)": 0,
    "매칭률": 0.9975,
    "🔴 제목 매칭 결과가 유보 키에 박힌 movieCd 와 일치한 수": 405,
    "🔴 일치율(맞음 분모)": 1.0,
    "🔴 조항 59 정지": "안 걸렸다"
  },
  "다. 상세 수령": {
    "실제 호출 수(list + info + 재시도 전부)": 817,
    "일 한도": 3000,
    "HTTP 200": 812,
    "HTTP 비200": 0,
    "네트워크 오류": 5,
    "🔴 faultInfo 건수": 0,
    "JSON 파싱 실패": 0,
    "상세를 받은 유보 행": 406,
    "🔴 상세를 못 받은 유보 행": 0,
    "🔴 못 받은 것 전량": []
  },
  "라. 열별 채움률 — 🔴 분모는 D3 유보다": {
    "장르(genres)": {
      "값 있는 유보 행": 406,
      "분모(D3 유보)": 406,
      "채움률": 1.0
    },
    "국적(nations)": {
      "값 있는 유보 행": 406,
      "분모(D3 유보)": 406,
      "채움률": 1.0
    },
    "제작사(companys)": {
      "값 있는 유보 행": 406,
      "분모(D3 유보)": 406,
      "채움률": 1.0
    },
    "감독(directors)": {
      "값 있는 유보 행": 343,
      "분모(D3 유보)": 406,
      "채움률": 0.8448
    },
    "배우(actors)": {
      "값 있는 유보 행": 315,
      "분모(D3 유보)": 406,
      "채움률": 0.7759
    },
    "상영시간(showTm)": {
      "값 있는 유보 행": 405,
      "분모(D3 유보)": 406,
      "채움률": 0.9975
    },
    "관람등급(audits.watchGradeNm)": {
      "값 있는 유보 행": 406,
      "분모(D3 유보)": 406,
      "채움률": 1.0
    },
    "제작연도(prdtYear)": {
      "값 있는 유보 행": 406,
      "분모(D3 유보)": 406,
      "채움률": 1.0
    },
    "개봉일(openDt)": {
      "값 있는 유보 행": 406,
      "분모(D3 유보)": 406,
      "채움률": 1.0
    },
    "제작상태(prdtStatNm)": {
      "값 있는 유보 행": 406,
      "분모(D3 유보)": 406,
      "채움률": 1.0
    },
    "유형(typeNm)": {
      "값 있는 유보 행": 405,
      "분모(D3 유보)": 406,
      "채움률": 0.9975
    },
    "상영형태(showTypes)": {
      "값 있는 유보 행": 406,
      "분모(D3 유보)": 406,
      "채움률": 1.0
    },
    "스태프(staffs)": {
      "값 있는 유보 행": 164,
      "분모(D3 유보)": 406,
      "채움률": 0.4039
    }
  }
}

벽시계 1067.2s · 호출 817 · → /Users/ax/world_model/runners/out908d_kobis.json
