/Users/ax/Library/Python/3.9/lib/python/site-packages/urllib3/__init__.py:35: NotOpenSSLWarning: urllib3 v2 only supports OpenSSL 1.1.1+, currently the 'ssl' module is compiled with 'LibreSSL 2.8.3'. See: https://github.com/urllib3/urllib3/issues/3020
  warnings.warn(
/Users/ax/world_model/state/tri_domain.py:290: UserWarning: media_push 채움 길이 불일치: 만화 2041 대 5905 --- 축이 빠진다
  warnings.warn("media_push 채움 길이 불일치: %s %d 대 %d --- 축이 빠진다"
/Users/ax/world_model/state/tri_domain.py:290: UserWarning: media_push 채움 길이 불일치: 만화 1789 대 5905 --- 축이 빠진다
  warnings.warn("media_push 채움 길이 불일치: %s %d 대 %d --- 축이 빠진다"
{"이름": "2 해제+채움 s0", "채점행": 126, "고유 설계행 uniq(_design)": 21, "예측 고유(씨앗0)": 21, "🔴 유보 entry_friction 마스크 합": 126.0, "유보 값 가짓수(A 열 전체)": 3, "유보 마스크 가짓수": 1}
/Users/ax/world_model/state/tri_domain.py:290: UserWarning: media_push 채움 길이 불일치: 만화 2041 대 5905 --- 축이 빠진다
  warnings.warn("media_push 채움 길이 불일치: %s %d 대 %d --- 축이 빠진다"
/Users/ax/world_model/state/tri_domain.py:290: UserWarning: media_push 채움 길이 불일치: 만화 1789 대 5905 --- 축이 빠진다
  warnings.warn("media_push 채움 길이 불일치: %s %d 대 %d --- 축이 빠진다"
{"이름": "2b 해제+채움 s7", "채점행": 126, "고유 설계행 uniq(_design)": 23, "예측 고유(씨앗0)": 23, "🔴 유보 entry_friction 마스크 합": 126.0, "유보 값 가짓수(A 열 전체)": 3, "유보 마스크 가짓수": 1}
/Users/ax/world_model/state/tri_domain.py:290: UserWarning: media_push 채움 길이 불일치: 만화 2041 대 5905 --- 축이 빠진다
  warnings.warn("media_push 채움 길이 불일치: %s %d 대 %d --- 축이 빠진다"
/Users/ax/world_model/state/tri_domain.py:290: UserWarning: media_push 채움 길이 불일치: 만화 1789 대 5905 --- 축이 빠진다
  warnings.warn("media_push 채움 길이 불일치: %s %d 대 %d --- 축이 빠진다"
{"이름": "3 채움만", "채점행": 126, "고유 설계행 uniq(_design)": 15, "예측 고유(씨앗0)": 15, "🔴 유보 entry_friction 마스크 합": 0.0, "유보 값 가짓수(A 열 전체)": 3, "유보 마스크 가짓수": 1}

=== 요약
2 BLOCK 해제 + 88행 채움(가정 · 씨앗0)            설계행  21 · 마스크합 126
2b BLOCK 해제 + 88행 채움(가정 · 씨앗7)           설계행  23 · 마스크합 126
3 채우기만(BLOCK 유지) — 음성대조                  설계행  15 · 마스크합 0
