/Users/ax/Library/Python/3.9/lib/python/site-packages/urllib3/__init__.py:35: NotOpenSSLWarning: urllib3 v2 only supports OpenSSL 1.1.1+, currently the 'ssl' module is compiled with 'LibreSSL 2.8.3'. See: https://github.com/urllib3/urllib3/issues/3020
  warnings.warn(
/Users/ax/world_model/state/tri_domain.py:290: UserWarning: media_push 채움 길이 불일치: 만화 2041 대 5905 --- 축이 빠진다
  warnings.warn("media_push 채움 길이 불일치: %s %d 대 %d --- 축이 빠진다"
/Users/ax/world_model/state/tri_domain.py:290: UserWarning: media_push 채움 길이 불일치: 만화 1789 대 5905 --- 축이 빠진다
  warnings.warn("media_push 채움 길이 불일치: %s %d 대 %d --- 축이 빠진다"
팔 4 × 씨앗 12 = 48 적합 (프로세스 8)
/Users/ax/Library/Python/3.9/lib/python/site-packages/urllib3/__init__.py:35: NotOpenSSLWarning: urllib3 v2 only supports OpenSSL 1.1.1+, currently the 'ssl' module is compiled with 'LibreSSL 2.8.3'. See: https://github.com/urllib3/urllib3/issues/3020
  warnings.warn(
/Users/ax/Library/Python/3.9/lib/python/site-packages/urllib3/__init__.py:35: NotOpenSSLWarning: urllib3 v2 only supports OpenSSL 1.1.1+, currently the 'ssl' module is compiled with 'LibreSSL 2.8.3'. See: https://github.com/urllib3/urllib3/issues/3020
  warnings.warn(
/Users/ax/Library/Python/3.9/lib/python/site-packages/urllib3/__init__.py:35: NotOpenSSLWarning: urllib3 v2 only supports OpenSSL 1.1.1+, currently the 'ssl' module is compiled with 'LibreSSL 2.8.3'. See: https://github.com/urllib3/urllib3/issues/3020
  warnings.warn(
/Users/ax/Library/Python/3.9/lib/python/site-packages/urllib3/__init__.py:35: NotOpenSSLWarning: urllib3 v2 only supports OpenSSL 1.1.1+, currently the 'ssl' module is compiled with 'LibreSSL 2.8.3'. See: https://github.com/urllib3/urllib3/issues/3020
  warnings.warn(
/Users/ax/Library/Python/3.9/lib/python/site-packages/urllib3/__init__.py:35: NotOpenSSLWarning: urllib3 v2 only supports OpenSSL 1.1.1+, currently the 'ssl' module is compiled with 'LibreSSL 2.8.3'. See: https://github.com/urllib3/urllib3/issues/3020
  warnings.warn(
/Users/ax/Library/Python/3.9/lib/python/site-packages/urllib3/__init__.py:35: NotOpenSSLWarning: urllib3 v2 only supports OpenSSL 1.1.1+, currently the 'ssl' module is compiled with 'LibreSSL 2.8.3'. See: https://github.com/urllib3/urllib3/issues/3020
  warnings.warn(
/Users/ax/Library/Python/3.9/lib/python/site-packages/urllib3/__init__.py:35: NotOpenSSLWarning: urllib3 v2 only supports OpenSSL 1.1.1+, currently the 'ssl' module is compiled with 'LibreSSL 2.8.3'. See: https://github.com/urllib3/urllib3/issues/3020
  warnings.warn(
/Users/ax/Library/Python/3.9/lib/python/site-packages/urllib3/__init__.py:35: NotOpenSSLWarning: urllib3 v2 only supports OpenSSL 1.1.1+, currently the 'ssl' module is compiled with 'LibreSSL 2.8.3'. See: https://github.com/urllib3/urllib3/issues/3020
  warnings.warn(
/Users/ax/world_model/state/tri_domain.py:290: UserWarning: media_push 채움 길이 불일치: 만화 2041 대 5905 --- 축이 빠진다
  warnings.warn("media_push 채움 길이 불일치: %s %d 대 %d --- 축이 빠진다"
/Users/ax/world_model/state/tri_domain.py:290: UserWarning: media_push 채움 길이 불일치: 만화 1789 대 5905 --- 축이 빠진다
  warnings.warn("media_push 채움 길이 불일치: %s %d 대 %d --- 축이 빠진다"
/Users/ax/world_model/state/tri_domain.py:290: UserWarning: media_push 채움 길이 불일치: 만화 2041 대 5905 --- 축이 빠진다
  warnings.warn("media_push 채움 길이 불일치: %s %d 대 %d --- 축이 빠진다"
/Users/ax/world_model/state/tri_domain.py:290: UserWarning: media_push 채움 길이 불일치: 만화 1789 대 5905 --- 축이 빠진다
  warnings.warn("media_push 채움 길이 불일치: %s %d 대 %d --- 축이 빠진다"
/Users/ax/world_model/state/tri_domain.py:290: UserWarning: media_push 채움 길이 불일치: 만화 2041 대 5905 --- 축이 빠진다
  warnings.warn("media_push 채움 길이 불일치: %s %d 대 %d --- 축이 빠진다"
/Users/ax/world_model/state/tri_domain.py:290: UserWarning: media_push 채움 길이 불일치: 만화 1789 대 5905 --- 축이 빠진다
  warnings.warn("media_push 채움 길이 불일치: %s %d 대 %d --- 축이 빠진다"
/Users/ax/world_model/state/tri_domain.py:290: UserWarning: media_push 채움 길이 불일치: 만화 2041 대 5905 --- 축이 빠진다
  warnings.warn("media_push 채움 길이 불일치: %s %d 대 %d --- 축이 빠진다"
/Users/ax/world_model/state/tri_domain.py:290: UserWarning: media_push 채움 길이 불일치: 만화 2041 대 5905 --- 축이 빠진다
  warnings.warn("media_push 채움 길이 불일치: %s %d 대 %d --- 축이 빠진다"
/Users/ax/world_model/state/tri_domain.py:290: UserWarning: media_push 채움 길이 불일치: 만화 1789 대 5905 --- 축이 빠진다
  warnings.warn("media_push 채움 길이 불일치: %s %d 대 %d --- 축이 빠진다"
/Users/ax/world_model/state/tri_domain.py:290: UserWarning: media_push 채움 길이 불일치: 만화 1789 대 5905 --- 축이 빠진다
  warnings.warn("media_push 채움 길이 불일치: %s %d 대 %d --- 축이 빠진다"
/Users/ax/world_model/state/tri_domain.py:290: UserWarning: media_push 채움 길이 불일치: 만화 2041 대 5905 --- 축이 빠진다
  warnings.warn("media_push 채움 길이 불일치: %s %d 대 %d --- 축이 빠진다"
/Users/ax/world_model/state/tri_domain.py:290: UserWarning: media_push 채움 길이 불일치: 만화 2041 대 5905 --- 축이 빠진다
  warnings.warn("media_push 채움 길이 불일치: %s %d 대 %d --- 축이 빠진다"
/Users/ax/world_model/state/tri_domain.py:290: UserWarning: media_push 채움 길이 불일치: 만화 1789 대 5905 --- 축이 빠진다
  warnings.warn("media_push 채움 길이 불일치: %s %d 대 %d --- 축이 빠진다"
/Users/ax/world_model/state/tri_domain.py:290: UserWarning: media_push 채움 길이 불일치: 만화 2041 대 5905 --- 축이 빠진다
  warnings.warn("media_push 채움 길이 불일치: %s %d 대 %d --- 축이 빠진다"
/Users/ax/world_model/state/tri_domain.py:290: UserWarning: media_push 채움 길이 불일치: 만화 1789 대 5905 --- 축이 빠진다
  warnings.warn("media_push 채움 길이 불일치: %s %d 대 %d --- 축이 빠진다"
/Users/ax/world_model/state/tri_domain.py:290: UserWarning: media_push 채움 길이 불일치: 만화 1789 대 5905 --- 축이 빠진다
  warnings.warn("media_push 채움 길이 불일치: %s %d 대 %d --- 축이 빠진다"
/Users/ax/world_model/state/tri_domain.py:290: UserWarning: media_push 채움 길이 불일치: 만화 2041 대 5905 --- 축이 빠진다
  warnings.warn("media_push 채움 길이 불일치: %s %d 대 %d --- 축이 빠진다"
/Users/ax/world_model/state/tri_domain.py:290: UserWarning: media_push 채움 길이 불일치: 만화 1789 대 5905 --- 축이 빠진다
  warnings.warn("media_push 채움 길이 불일치: %s %d 대 %d --- 축이 빠진다"
/Users/ax/world_model/state/tri_domain.py:290: UserWarning: media_push 채움 길이 불일치: 만화 2041 대 5905 --- 축이 빠진다
  warnings.warn("media_push 채움 길이 불일치: %s %d 대 %d --- 축이 빠진다"
/Users/ax/world_model/state/tri_domain.py:290: UserWarning: media_push 채움 길이 불일치: 만화 1789 대 5905 --- 축이 빠진다
  warnings.warn("media_push 채움 길이 불일치: %s %d 대 %d --- 축이 빠진다"
/Users/ax/world_model/state/tri_domain.py:290: UserWarning: media_push 채움 길이 불일치: 만화 2041 대 5905 --- 축이 빠진다
  warnings.warn("media_push 채움 길이 불일치: %s %d 대 %d --- 축이 빠진다"
/Users/ax/world_model/state/tri_domain.py:290: UserWarning: media_push 채움 길이 불일치: 만화 1789 대 5905 --- 축이 빠진다
  warnings.warn("media_push 채움 길이 불일치: %s %d 대 %d --- 축이 빠진다"
/Users/ax/world_model/state/tri_domain.py:290: UserWarning: media_push 채움 길이 불일치: 만화 2041 대 5905 --- 축이 빠진다
  warnings.warn("media_push 채움 길이 불일치: %s %d 대 %d --- 축이 빠진다"
/Users/ax/world_model/state/tri_domain.py:290: UserWarning: media_push 채움 길이 불일치: 만화 1789 대 5905 --- 축이 빠진다
  warnings.warn("media_push 채움 길이 불일치: %s %d 대 %d --- 축이 빠진다"
/Users/ax/world_model/state/tri_domain.py:290: UserWarning: media_push 채움 길이 불일치: 만화 2041 대 5905 --- 축이 빠진다
  warnings.warn("media_push 채움 길이 불일치: %s %d 대 %d --- 축이 빠진다"
/Users/ax/world_model/state/tri_domain.py:290: UserWarning: media_push 채움 길이 불일치: 만화 1789 대 5905 --- 축이 빠진다
  warnings.warn("media_push 채움 길이 불일치: %s %d 대 %d --- 축이 빠진다"
/Users/ax/world_model/state/tri_domain.py:290: UserWarning: media_push 채움 길이 불일치: 만화 2041 대 5905 --- 축이 빠진다
  warnings.warn("media_push 채움 길이 불일치: %s %d 대 %d --- 축이 빠진다"
/Users/ax/world_model/state/tri_domain.py:290: UserWarning: media_push 채움 길이 불일치: 만화 1789 대 5905 --- 축이 빠진다
  warnings.warn("media_push 채움 길이 불일치: %s %d 대 %d --- 축이 빠진다"
/Users/ax/world_model/state/tri_domain.py:290: UserWarning: media_push 채움 길이 불일치: 만화 2041 대 5905 --- 축이 빠진다
  warnings.warn("media_push 채움 길이 불일치: %s %d 대 %d --- 축이 빠진다"
/Users/ax/world_model/state/tri_domain.py:290: UserWarning: media_push 채움 길이 불일치: 만화 1789 대 5905 --- 축이 빠진다
  warnings.warn("media_push 채움 길이 불일치: %s %d 대 %d --- 축이 빠진다"
/Users/ax/world_model/state/tri_domain.py:290: UserWarning: media_push 채움 길이 불일치: 만화 2041 대 5905 --- 축이 빠진다
  warnings.warn("media_push 채움 길이 불일치: %s %d 대 %d --- 축이 빠진다"
/Users/ax/world_model/state/tri_domain.py:290: UserWarning: media_push 채움 길이 불일치: 만화 1789 대 5905 --- 축이 빠진다
  warnings.warn("media_push 채움 길이 불일치: %s %d 대 %d --- 축이 빠진다"
/Users/ax/world_model/state/tri_domain.py:290: UserWarning: media_push 채움 길이 불일치: 만화 2041 대 5905 --- 축이 빠진다
  warnings.warn("media_push 채움 길이 불일치: %s %d 대 %d --- 축이 빠진다"
/Users/ax/world_model/state/tri_domain.py:290: UserWarning: media_push 채움 길이 불일치: 만화 1789 대 5905 --- 축이 빠진다
  warnings.warn("media_push 채움 길이 불일치: %s %d 대 %d --- 축이 빠진다"
/Users/ax/world_model/state/tri_domain.py:290: UserWarning: media_push 채움 길이 불일치: 만화 2041 대 5905 --- 축이 빠진다
  warnings.warn("media_push 채움 길이 불일치: %s %d 대 %d --- 축이 빠진다"
/Users/ax/world_model/state/tri_domain.py:290: UserWarning: media_push 채움 길이 불일치: 만화 1789 대 5905 --- 축이 빠진다
  warnings.warn("media_push 채움 길이 불일치: %s %d 대 %d --- 축이 빠진다"
/Users/ax/world_model/state/tri_domain.py:290: UserWarning: media_push 채움 길이 불일치: 만화 2041 대 5905 --- 축이 빠진다
  warnings.warn("media_push 채움 길이 불일치: %s %d 대 %d --- 축이 빠진다"
/Users/ax/world_model/state/tri_domain.py:290: UserWarning: media_push 채움 길이 불일치: 만화 1789 대 5905 --- 축이 빠진다
  warnings.warn("media_push 채움 길이 불일치: %s %d 대 %d --- 축이 빠진다"
/Users/ax/world_model/state/tri_domain.py:290: UserWarning: media_push 채움 길이 불일치: 만화 2041 대 5905 --- 축이 빠진다
  warnings.warn("media_push 채움 길이 불일치: %s %d 대 %d --- 축이 빠진다"
/Users/ax/world_model/state/tri_domain.py:290: UserWarning: media_push 채움 길이 불일치: 만화 1789 대 5905 --- 축이 빠진다
  warnings.warn("media_push 채움 길이 불일치: %s %d 대 %d --- 축이 빠진다"
/Users/ax/world_model/state/tri_domain.py:290: UserWarning: media_push 채움 길이 불일치: 만화 2041 대 5905 --- 축이 빠진다
  warnings.warn("media_push 채움 길이 불일치: %s %d 대 %d --- 축이 빠진다"
/Users/ax/world_model/state/tri_domain.py:290: UserWarning: media_push 채움 길이 불일치: 만화 1789 대 5905 --- 축이 빠진다
  warnings.warn("media_push 채움 길이 불일치: %s %d 대 %d --- 축이 빠진다"
/Users/ax/world_model/state/tri_domain.py:290: UserWarning: media_push 채움 길이 불일치: 만화 2041 대 5905 --- 축이 빠진다
  warnings.warn("media_push 채움 길이 불일치: %s %d 대 %d --- 축이 빠진다"
/Users/ax/world_model/state/tri_domain.py:290: UserWarning: media_push 채움 길이 불일치: 만화 1789 대 5905 --- 축이 빠진다
  warnings.warn("media_push 채움 길이 불일치: %s %d 대 %d --- 축이 빠진다"
/Users/ax/world_model/state/tri_domain.py:290: UserWarning: media_push 채움 길이 불일치: 만화 2041 대 5905 --- 축이 빠진다
  warnings.warn("media_push 채움 길이 불일치: %s %d 대 %d --- 축이 빠진다"
/Users/ax/world_model/state/tri_domain.py:290: UserWarning: media_push 채움 길이 불일치: 만화 1789 대 5905 --- 축이 빠진다
  warnings.warn("media_push 채움 길이 불일치: %s %d 대 %d --- 축이 빠진다"
/Users/ax/world_model/state/tri_domain.py:290: UserWarning: media_push 채움 길이 불일치: 만화 2041 대 5905 --- 축이 빠진다
  warnings.warn("media_push 채움 길이 불일치: %s %d 대 %d --- 축이 빠진다"
/Users/ax/world_model/state/tri_domain.py:290: UserWarning: media_push 채움 길이 불일치: 만화 1789 대 5905 --- 축이 빠진다
  warnings.warn("media_push 채움 길이 불일치: %s %d 대 %d --- 축이 빠진다"
/Users/ax/world_model/state/tri_domain.py:290: UserWarning: media_push 채움 길이 불일치: 만화 2041 대 5905 --- 축이 빠진다
  warnings.warn("media_push 채움 길이 불일치: %s %d 대 %d --- 축이 빠진다"
/Users/ax/world_model/state/tri_domain.py:290: UserWarning: media_push 채움 길이 불일치: 만화 1789 대 5905 --- 축이 빠진다
  warnings.warn("media_push 채움 길이 불일치: %s %d 대 %d --- 축이 빠진다"
/Users/ax/world_model/state/tri_domain.py:290: UserWarning: media_push 채움 길이 불일치: 만화 2041 대 5905 --- 축이 빠진다
  warnings.warn("media_push 채움 길이 불일치: %s %d 대 %d --- 축이 빠진다"
/Users/ax/world_model/state/tri_domain.py:290: UserWarning: media_push 채움 길이 불일치: 만화 1789 대 5905 --- 축이 빠진다
  warnings.warn("media_push 채움 길이 불일치: %s %d 대 %d --- 축이 빠진다"
/Users/ax/world_model/state/tri_domain.py:290: UserWarning: media_push 채움 길이 불일치: 만화 2041 대 5905 --- 축이 빠진다
  warnings.warn("media_push 채움 길이 불일치: %s %d 대 %d --- 축이 빠진다"
/Users/ax/world_model/state/tri_domain.py:290: UserWarning: media_push 채움 길이 불일치: 만화 1789 대 5905 --- 축이 빠진다
  warnings.warn("media_push 채움 길이 불일치: %s %d 대 %d --- 축이 빠진다"
/Users/ax/world_model/state/tri_domain.py:290: UserWarning: media_push 채움 길이 불일치: 만화 2041 대 5905 --- 축이 빠진다
  warnings.warn("media_push 채움 길이 불일치: %s %d 대 %d --- 축이 빠진다"
/Users/ax/world_model/state/tri_domain.py:290: UserWarning: media_push 채움 길이 불일치: 만화 1789 대 5905 --- 축이 빠진다
  warnings.warn("media_push 채움 길이 불일치: %s %d 대 %d --- 축이 빠진다"
/Users/ax/world_model/state/tri_domain.py:290: UserWarning: media_push 채움 길이 불일치: 만화 2041 대 5905 --- 축이 빠진다
  warnings.warn("media_push 채움 길이 불일치: %s %d 대 %d --- 축이 빠진다"
/Users/ax/world_model/state/tri_domain.py:290: UserWarning: media_push 채움 길이 불일치: 만화 1789 대 5905 --- 축이 빠진다
  warnings.warn("media_push 채움 길이 불일치: %s %d 대 %d --- 축이 빠진다"
/Users/ax/world_model/state/tri_domain.py:290: UserWarning: media_push 채움 길이 불일치: 만화 2041 대 5905 --- 축이 빠진다
  warnings.warn("media_push 채움 길이 불일치: %s %d 대 %d --- 축이 빠진다"
/Users/ax/world_model/state/tri_domain.py:290: UserWarning: media_push 채움 길이 불일치: 만화 1789 대 5905 --- 축이 빠진다
  warnings.warn("media_push 채움 길이 불일치: %s %d 대 %d --- 축이 빠진다"
/Users/ax/world_model/state/tri_domain.py:290: UserWarning: media_push 채움 길이 불일치: 만화 2041 대 5905 --- 축이 빠진다
  warnings.warn("media_push 채움 길이 불일치: %s %d 대 %d --- 축이 빠진다"
/Users/ax/world_model/state/tri_domain.py:290: UserWarning: media_push 채움 길이 불일치: 만화 1789 대 5905 --- 축이 빠진다
  warnings.warn("media_push 채움 길이 불일치: %s %d 대 %d --- 축이 빠진다"
/Users/ax/world_model/state/tri_domain.py:290: UserWarning: media_push 채움 길이 불일치: 만화 2041 대 5905 --- 축이 빠진다
  warnings.warn("media_push 채움 길이 불일치: %s %d 대 %d --- 축이 빠진다"
/Users/ax/world_model/state/tri_domain.py:290: UserWarning: media_push 채움 길이 불일치: 만화 1789 대 5905 --- 축이 빠진다
  warnings.warn("media_push 채움 길이 불일치: %s %d 대 %d --- 축이 빠진다"
/Users/ax/world_model/state/tri_domain.py:290: UserWarning: media_push 채움 길이 불일치: 만화 2041 대 5905 --- 축이 빠진다
  warnings.warn("media_push 채움 길이 불일치: %s %d 대 %d --- 축이 빠진다"
/Users/ax/world_model/state/tri_domain.py:290: UserWarning: media_push 채움 길이 불일치: 만화 1789 대 5905 --- 축이 빠진다
  warnings.warn("media_push 채움 길이 불일치: %s %d 대 %d --- 축이 빠진다"
/Users/ax/world_model/state/tri_domain.py:290: UserWarning: media_push 채움 길이 불일치: 만화 2041 대 5905 --- 축이 빠진다
  warnings.warn("media_push 채움 길이 불일치: %s %d 대 %d --- 축이 빠진다"
/Users/ax/world_model/state/tri_domain.py:290: UserWarning: media_push 채움 길이 불일치: 만화 1789 대 5905 --- 축이 빠진다
  warnings.warn("media_push 채움 길이 불일치: %s %d 대 %d --- 축이 빠진다"
/Users/ax/world_model/state/tri_domain.py:290: UserWarning: media_push 채움 길이 불일치: 만화 2041 대 5905 --- 축이 빠진다
  warnings.warn("media_push 채움 길이 불일치: %s %d 대 %d --- 축이 빠진다"
/Users/ax/world_model/state/tri_domain.py:290: UserWarning: media_push 채움 길이 불일치: 만화 1789 대 5905 --- 축이 빠진다
  warnings.warn("media_push 채움 길이 불일치: %s %d 대 %d --- 축이 빠진다"
/Users/ax/world_model/state/tri_domain.py:290: UserWarning: media_push 채움 길이 불일치: 만화 2041 대 5905 --- 축이 빠진다
  warnings.warn("media_push 채움 길이 불일치: %s %d 대 %d --- 축이 빠진다"
/Users/ax/world_model/state/tri_domain.py:290: UserWarning: media_push 채움 길이 불일치: 만화 1789 대 5905 --- 축이 빠진다
  warnings.warn("media_push 채움 길이 불일치: %s %d 대 %d --- 축이 빠진다"
/Users/ax/world_model/state/tri_domain.py:290: UserWarning: media_push 채움 길이 불일치: 만화 2041 대 5905 --- 축이 빠진다
  warnings.warn("media_push 채움 길이 불일치: %s %d 대 %d --- 축이 빠진다"
/Users/ax/world_model/state/tri_domain.py:290: UserWarning: media_push 채움 길이 불일치: 만화 1789 대 5905 --- 축이 빠진다
  warnings.warn("media_push 채움 길이 불일치: %s %d 대 %d --- 축이 빠진다"
/Users/ax/world_model/state/tri_domain.py:290: UserWarning: media_push 채움 길이 불일치: 만화 2041 대 5905 --- 축이 빠진다
  warnings.warn("media_push 채움 길이 불일치: %s %d 대 %d --- 축이 빠진다"
/Users/ax/world_model/state/tri_domain.py:290: UserWarning: media_push 채움 길이 불일치: 만화 1789 대 5905 --- 축이 빠진다
  warnings.warn("media_push 채움 길이 불일치: %s %d 대 %d --- 축이 빠진다"
/Users/ax/world_model/state/tri_domain.py:290: UserWarning: media_push 채움 길이 불일치: 만화 2041 대 5905 --- 축이 빠진다
  warnings.warn("media_push 채움 길이 불일치: %s %d 대 %d --- 축이 빠진다"
/Users/ax/world_model/state/tri_domain.py:290: UserWarning: media_push 채움 길이 불일치: 만화 1789 대 5905 --- 축이 빠진다
  warnings.warn("media_push 채움 길이 불일치: %s %d 대 %d --- 축이 빠진다"
/Users/ax/world_model/state/tri_domain.py:290: UserWarning: media_push 채움 길이 불일치: 만화 2041 대 5905 --- 축이 빠진다
  warnings.warn("media_push 채움 길이 불일치: %s %d 대 %d --- 축이 빠진다"
/Users/ax/world_model/state/tri_domain.py:290: UserWarning: media_push 채움 길이 불일치: 만화 1789 대 5905 --- 축이 빠진다
  warnings.warn("media_push 채움 길이 불일치: %s %d 대 %d --- 축이 빠진다"
/Users/ax/world_model/state/tri_domain.py:290: UserWarning: media_push 채움 길이 불일치: 만화 2041 대 5905 --- 축이 빠진다
  warnings.warn("media_push 채움 길이 불일치: %s %d 대 %d --- 축이 빠진다"
/Users/ax/world_model/state/tri_domain.py:290: UserWarning: media_push 채움 길이 불일치: 만화 1789 대 5905 --- 축이 빠진다
  warnings.warn("media_push 채움 길이 불일치: %s %d 대 %d --- 축이 빠진다"
/Users/ax/world_model/state/tri_domain.py:290: UserWarning: media_push 채움 길이 불일치: 만화 2041 대 5905 --- 축이 빠진다
  warnings.warn("media_push 채움 길이 불일치: %s %d 대 %d --- 축이 빠진다"
/Users/ax/world_model/state/tri_domain.py:290: UserWarning: media_push 채움 길이 불일치: 만화 1789 대 5905 --- 축이 빠진다
  warnings.warn("media_push 채움 길이 불일치: %s %d 대 %d --- 축이 빠진다"
/Users/ax/world_model/state/tri_domain.py:290: UserWarning: media_push 채움 길이 불일치: 만화 2041 대 5905 --- 축이 빠진다
  warnings.warn("media_push 채움 길이 불일치: %s %d 대 %d --- 축이 빠진다"
/Users/ax/world_model/state/tri_domain.py:290: UserWarning: media_push 채움 길이 불일치: 만화 1789 대 5905 --- 축이 빠진다
  warnings.warn("media_push 채움 길이 불일치: %s %d 대 %d --- 축이 빠진다"
/Users/ax/world_model/state/tri_domain.py:290: UserWarning: media_push 채움 길이 불일치: 만화 2041 대 5905 --- 축이 빠진다
  warnings.warn("media_push 채움 길이 불일치: %s %d 대 %d --- 축이 빠진다"
/Users/ax/world_model/state/tri_domain.py:290: UserWarning: media_push 채움 길이 불일치: 만화 1789 대 5905 --- 축이 빠진다
  warnings.warn("media_push 채움 길이 불일치: %s %d 대 %d --- 축이 빠진다"
/Users/ax/world_model/state/tri_domain.py:290: UserWarning: media_push 채움 길이 불일치: 만화 2041 대 5905 --- 축이 빠진다
  warnings.warn("media_push 채움 길이 불일치: %s %d 대 %d --- 축이 빠진다"
/Users/ax/world_model/state/tri_domain.py:290: UserWarning: media_push 채움 길이 불일치: 만화 1789 대 5905 --- 축이 빠진다
  warnings.warn("media_push 채움 길이 불일치: %s %d 대 %d --- 축이 빠진다"
/Users/ax/world_model/state/tri_domain.py:290: UserWarning: media_push 채움 길이 불일치: 만화 2041 대 5905 --- 축이 빠진다
  warnings.warn("media_push 채움 길이 불일치: %s %d 대 %d --- 축이 빠진다"
/Users/ax/world_model/state/tri_domain.py:290: UserWarning: media_push 채움 길이 불일치: 만화 1789 대 5905 --- 축이 빠진다
  warnings.warn("media_push 채움 길이 불일치: %s %d 대 %d --- 축이 빠진다"
/Users/ax/world_model/state/tri_domain.py:290: UserWarning: media_push 채움 길이 불일치: 만화 2041 대 5905 --- 축이 빠진다
  warnings.warn("media_push 채움 길이 불일치: %s %d 대 %d --- 축이 빠진다"
/Users/ax/world_model/state/tri_domain.py:290: UserWarning: media_push 채움 길이 불일치: 만화 1789 대 5905 --- 축이 빠진다
  warnings.warn("media_push 채움 길이 불일치: %s %d 대 %d --- 축이 빠진다"
/Users/ax/world_model/state/tri_domain.py:290: UserWarning: media_push 채움 길이 불일치: 만화 2041 대 5905 --- 축이 빠진다
  warnings.warn("media_push 채움 길이 불일치: %s %d 대 %d --- 축이 빠진다"
/Users/ax/world_model/state/tri_domain.py:290: UserWarning: media_push 채움 길이 불일치: 만화 1789 대 5905 --- 축이 빠진다
  warnings.warn("media_push 채움 길이 불일치: %s %d 대 %d --- 축이 빠진다"
적합 끝 411s
=== ④ 판정 ===
{
 "B_union": {
  "판 짝 Δ": -0.001231,
  "BCa 95%": [
   -0.001663,
   -0.000802
  ],
  "구간 종류": "BCa",
  "문턱(정본)": 0.00353,
  "문턱 배수": -0.349,
  "문턱(일 군집 병기)": 0.0037,
  "🔴 판정": "패 — 상한 < 0 (규약 47). 이건 「모른다」가 아니다",
  "🔴 넘으려면 게임 Δρ 가 얼마여야 하나(문턱 0.00353)": 0.07403,
  "🔴 넘으려면 게임 Δρ 가 얼마여야 하나(문턱 0.00370)": 0.0776,
  "실측 게임 Δρ": -0.019781,
  "🔴 실측 / 필요": -0.2672,
  "🔴 도메인 Δ 병기": {
   "게임": -0.019781,
   "도서": -0.005575,
   "만화": 0.000402,
   "모바일": 0.00013,
   "세계애니": 0.000433,
   "시장팝업": -0.000751,
   "아이돌": 0.008117,
   "애니": 0.002637,
   "영화": -0.001946,
   "웹툰": -0.00199,
   "팝업": -0.001644,
   "펀딩": -0.000373
  }
 },
 "C_domax": {
  "판 짝 Δ": -0.001224,
  "BCa 95%": [
   -0.001657,
   -0.000792
  ],
  "구간 종류": "BCa",
  "문턱(정본)": 0.00353,
  "문턱 배수": -0.347,
  "문턱(일 군집 병기)": 0.0037,
  "🔴 판정": "패 — 상한 < 0 (규약 47). 이건 「모른다」가 아니다",
  "🔴 넘으려면 게임 Δρ 가 얼마여야 하나(문턱 0.00353)": 0.07403,
  "🔴 넘으려면 게임 Δρ 가 얼마여야 하나(문턱 0.00370)": 0.0776,
  "실측 게임 Δρ": -0.019778,
  "🔴 실측 / 필요": -0.2672,
  "🔴 도메인 Δ 병기": {
   "게임": -0.019778,
   "도서": -0.005575,
   "만화": 0.000402,
   "모바일": 0.00013,
   "세계애니": 0.000434,
   "시장팝업": -0.000751,
   "아이돌": 0.008443,
   "애니": 0.002638,
   "영화": -0.001946,
   "웹툰": -0.001975,
   "팝업": -0.001644,
   "펀딩": -0.000373
  }
 },
 "D_nanpad": {
  "판 짝 Δ": -0.001503,
  "BCa 95%": [
   -0.002589,
   -0.000493
  ],
  "구간 종류": "BCa",
  "문턱(정본)": 0.00353,
  "문턱 배수": -0.426,
  "문턱(일 군집 병기)": 0.0037,
  "🔴 판정": "패 — 상한 < 0 (규약 47). 이건 「모른다」가 아니다",
  "🔴 넘으려면 게임 Δρ 가 얼마여야 하나(문턱 0.00353)": 0.07403,
  "🔴 넘으려면 게임 Δρ 가 얼마여야 하나(문턱 0.00370)": 0.0776,
  "실측 게임 Δρ": -0.029934,
  "🔴 실측 / 필요": -0.4043,
  "🔴 도메인 Δ 병기": {
   "게임": -0.029934,
   "도서": -0.000682,
   "만화": 0.0006,
   "모바일": 0.001238,
   "세계애니": -5.7e-05,
   "시장팝업": 0.000134,
   "아이돌": 0.001986,
   "애니": 0.002756,
   "영화": -0.00204,
   "웹툰": -0.002755,
   "팝업": -0.006999,
   "펀딩": 0.000808
  }
 }
}
완료 · /Users/ax/world_model/runners/out900_levers.json · 414s
