  50/815 ok=50 bad=0 rows=65100 83s
  100/815 ok=100 bad=0 rows=169618 170s
  150/815 ok=149 bad=1 rows=271957 347s
  200/815 ok=199 bad=1 rows=363008 436s
  250/815 ok=249 bad=1 rows=429812 523s
  300/815 ok=299 bad=1 rows=501168 609s
  350/815 ok=349 bad=1 rows=559309 736s
  400/815 ok=399 bad=1 rows=623229 865s
  450/815 ok=448 bad=2 rows=739197 1086s
  500/815 ok=497 bad=3 rows=810501 1276s
  550/815 ok=546 bad=4 rows=878557 1489s
  600/815 ok=595 bad=5 rows=930607 1698s
  650/815 ok=645 bad=5 rows=979728 1815s
  700/815 ok=695 bad=5 rows=1043474 1939s
  750/815 ok=745 bad=5 rows=1170745 2080s
  800/815 ok=795 bad=5 rows=1326011 2233s
{
 "노트": 941,
 "레인": "탐색",
 "원천": "Wikimedia REST pageviews per-article",
 "시각": "2026-08-12T03:15:37+0900",
 "벽시계 초": 2280.0,
 "요청 수": 815,
 "성공": 810,
 "실패": 5,
 "🔴 성공+실패 == 요청": true,
 "실패 사유": {
  "URLError": 1,
  "TimeoutError": 3,
  "timeout": 1
 },
 "행(개체×일) 합": 1372446,
 "🔴 날짜에 구멍이 있는 개체": 344,
 "🔴 구멍이 왜 중요한가": "원천이 자료 없는 날을 빠뜨려 준다. 첫날부터 하루씩 채우는 압축 저장은 그 순간 날짜가 밀리고, 밀린 계열은 예외 없이 숫자만 틀린다. 그래서 이 파일은 날짜를 병기한다(초판은 안 그랬고 그것이 결함이었다).",
 "날짜 범위": {
  "첫날": "20150701",
  "끝날": "20260810"
 },
 "요청 상한 hi": "20260810",
 "파일 크기(바이트)": {
  "게임.jsonl.gz": 354232,
  "도서.jsonl.gz": 299967,
  "만화.jsonl.gz": 2206,
  "모바일.jsonl.gz": 245395,
  "세계애니.jsonl.gz": 1290310,
  "시장팝업.jsonl.gz": 483596,
  "아이돌.jsonl.gz": 64027,
  "애니.jsonl.gz": 911810,
  "웹툰.jsonl.gz": 389728,
  "팝업.jsonl.gz": 340735,
  "펀딩.jsonl.gz": 27706
 },
 "파일 크기 합": 4409712,
 "출력 디렉터리": "data/ingest/wiki_daily"
}
